// Jest Snapshot v1, https://goo.gl/fbAQLP

exports[`<Box /> renders component unchanged 1`] = `
<div>
  <div
    class="sc-bdvvtL"
  />
</div>
`;
